2026-04-13 20:30:58 | INFO     | __main__:49 - Loaded weights from outputs/2026-04-11/10-54-51/checkpoints/best_mae.pth
2026-04-13 20:30:58 | INFO     | __main__:68 - Running forward pass on 182 val images...
2026-04-13 20:31:23 | INFO     | crowdcount.engine:535 - Threshold search complete: best=0.60, MAE=52.71 (searched 86 candidates in [0.1, 0.95])
2026-04-13 20:31:23 | INFO     | __main__:77 - --- Threshold Search Results ---
2026-04-13 20:31:23 | INFO     | __main__:78 -  Threshold       MAE
2026-04-13 20:31:23 | INFO     | __main__:81 -       0.10    108.14
2026-04-13 20:31:23 | INFO     | __main__:81 -       0.11    104.05
2026-04-13 20:31:23 | INFO     | __main__:81 -       0.12    100.39
2026-04-13 20:31:23 | INFO     | __main__:81 -       0.13     97.53
2026-04-13 20:31:23 | INFO     | __main__:81 -       0.14     94.54
2026-04-13 20:31:23 | INFO     | __main__:81 -       0.15     91.94
2026-04-13 20:31:23 | INFO     | __main__:81 -       0.16     89.47
2026-04-13 20:31:23 | INFO     | __main__:81 -       0.17     87.42
2026-04-13 20:31:23 | INFO     | __main__:81 -       0.18     85.38
2026-04-13 20:31:23 | INFO     | __main__:81 -       0.19     83.39
2026-04-13 20:31:23 | INFO     | __main__:81 -       0.20     81.68
2026-04-13 20:31:23 | INFO     | __main__:81 -       0.21     80.13
2026-04-13 20:31:23 | INFO     | __main__:81 -       0.22     78.74
2026-04-13 20:31:23 | INFO     | __main__:81 -       0.23     77.18
2026-04-13 20:31:23 | INFO     | __main__:81 -       0.24     75.86
2026-04-13 20:31:23 | INFO     | __main__:81 -       0.25     74.24
2026-04-13 20:31:23 | INFO     | __main__:81 -       0.26     72.92
2026-04-13 20:31:23 | INFO     | __main__:81 -       0.27     71.65
2026-04-13 20:31:23 | INFO     | __main__:81 -       0.28     70.44
2026-04-13 20:31:23 | INFO     | __main__:81 -       0.29     69.14
2026-04-13 20:31:23 | INFO     | __main__:81 -       0.30     67.97
2026-04-13 20:31:23 | INFO     | __main__:81 -       0.31     67.18
2026-04-13 20:31:23 | INFO     | __main__:81 -       0.32     66.16
2026-04-13 20:31:23 | INFO     | __main__:81 -       0.33     65.19
2026-04-13 20:31:23 | INFO     | __main__:81 -       0.34     64.16
2026-04-13 20:31:23 | INFO     | __main__:81 -       0.35     63.12
2026-04-13 20:31:23 | INFO     | __main__:81 -       0.36     62.22
2026-04-13 20:31:23 | INFO     | __main__:81 -       0.37     61.20
2026-04-13 20:31:23 | INFO     | __main__:81 -       0.38     60.33
2026-04-13 20:31:23 | INFO     | __main__:81 -       0.39     59.52
2026-04-13 20:31:23 | INFO     | __main__:81 -       0.40     58.86
2026-04-13 20:31:23 | INFO     | __main__:81 -       0.41     58.12
2026-04-13 20:31:23 | INFO     | __main__:81 -       0.42     57.31
2026-04-13 20:31:23 | INFO     | __main__:81 -       0.43     56.60
2026-04-13 20:31:23 | INFO     | __main__:81 -       0.44     55.96
2026-04-13 20:31:23 | INFO     | __main__:81 -       0.45     55.65
2026-04-13 20:31:23 | INFO     | __main__:81 -       0.46     55.37
2026-04-13 20:31:23 | INFO     | __main__:81 -       0.47     55.01
2026-04-13 20:31:23 | INFO     | __main__:81 -       0.48     54.68
2026-04-13 20:31:23 | INFO     | __main__:81 -       0.49     54.34
2026-04-13 20:31:23 | INFO     | __main__:81 -       0.50     54.02
2026-04-13 20:31:23 | INFO     | __main__:81 -       0.51     53.58
2026-04-13 20:31:23 | INFO     | __main__:81 -       0.52     53.39
2026-04-13 20:31:23 | INFO     | __main__:81 -       0.53     53.32
2026-04-13 20:31:23 | INFO     | __main__:81 -       0.54     53.14
2026-04-13 20:31:23 | INFO     | __main__:81 -       0.55     53.13
2026-04-13 20:31:23 | INFO     | __main__:81 -       0.56     53.14
2026-04-13 20:31:23 | INFO     | __main__:81 -       0.57     52.96
2026-04-13 20:31:23 | INFO     | __main__:81 -       0.58     52.84
2026-04-13 20:31:23 | INFO     | __main__:81 -       0.59     52.73
2026-04-13 20:31:23 | INFO     | __main__:81 -       0.60     52.71 <-- best
2026-04-13 20:31:23 | INFO     | __main__:81 -       0.61     52.82
2026-04-13 20:31:23 | INFO     | __main__:81 -       0.62     52.85
2026-04-13 20:31:23 | INFO     | __main__:81 -       0.63     53.06
2026-04-13 20:31:23 | INFO     | __main__:81 -       0.64     53.09
2026-04-13 20:31:23 | INFO     | __main__:81 -       0.65     53.38
2026-04-13 20:31:23 | INFO     | __main__:81 -       0.66     53.72
2026-04-13 20:31:23 | INFO     | __main__:81 -       0.67     54.02
2026-04-13 20:31:23 | INFO     | __main__:81 -       0.68     54.55
2026-04-13 20:31:23 | INFO     | __main__:81 -       0.69     55.29
2026-04-13 20:31:23 | INFO     | __main__:81 -       0.70     55.74
2026-04-13 20:31:23 | INFO     | __main__:81 -       0.71     56.36
2026-04-13 20:31:23 | INFO     | __main__:81 -       0.72     57.32
2026-04-13 20:31:23 | INFO     | __main__:81 -       0.73     58.19
2026-04-13 20:31:23 | INFO     | __main__:81 -       0.74     59.20
2026-04-13 20:31:23 | INFO     | __main__:81 -       0.75     60.20
2026-04-13 20:31:23 | INFO     | __main__:81 -       0.76     61.59
2026-04-13 20:31:23 | INFO     | __main__:81 -       0.77     63.08
2026-04-13 20:31:23 | INFO     | __main__:81 -       0.78     64.84
2026-04-13 20:31:23 | INFO     | __main__:81 -       0.79     66.36
2026-04-13 20:31:23 | INFO     | __main__:81 -       0.80     68.27
2026-04-13 20:31:23 | INFO     | __main__:81 -       0.81     70.43
2026-04-13 20:31:23 | INFO     | __main__:81 -       0.82     72.73
2026-04-13 20:31:23 | INFO     | __main__:81 -       0.83     75.13
2026-04-13 20:31:23 | INFO     | __main__:81 -       0.84     77.63
2026-04-13 20:31:23 | INFO     | __main__:81 -       0.85     80.29
2026-04-13 20:31:23 | INFO     | __main__:81 -       0.86     83.56
2026-04-13 20:31:23 | INFO     | __main__:81 -       0.87     87.26
2026-04-13 20:31:23 | INFO     | __main__:81 -       0.88     91.75
2026-04-13 20:31:23 | INFO     | __main__:81 -       0.89     96.99
2026-04-13 20:31:23 | INFO     | __main__:81 -       0.90    102.59
2026-04-13 20:31:23 | INFO     | __main__:81 -       0.91    108.80
2026-04-13 20:31:23 | INFO     | __main__:81 -       0.92    116.26
2026-04-13 20:31:23 | INFO     | __main__:81 -       0.93    124.47
2026-04-13 20:31:23 | INFO     | __main__:81 -       0.94    135.51
2026-04-13 20:31:23 | INFO     | __main__:81 -       0.95    148.65
2026-04-13 20:31:23 | INFO     | __main__:83 - 
Best threshold: 0.60  (MAE = 52.71)
2026-04-13 20:31:23 | INFO     | __main__:84 - To use: python scripts/predict.py eval_counting.threshold=0.60 ...
2026-04-13 20:35:09 | INFO     | __main__:49 - Loaded weights from outputs/2026-04-13/10-27-56/checkpoints/best_mae.pth
2026-04-13 20:35:09 | INFO     | __main__:68 - Running forward pass on 182 val images...
2026-04-13 20:35:41 | INFO     | crowdcount.engine:535 - Threshold search complete: best=0.51, MAE=54.05 (searched 86 candidates in [0.1, 0.95])
2026-04-13 20:35:41 | INFO     | __main__:77 - --- Threshold Search Results ---
2026-04-13 20:35:41 | INFO     | __main__:78 -  Threshold       MAE
2026-04-13 20:35:41 | INFO     | __main__:81 -       0.10    100.42
2026-04-13 20:35:41 | INFO     | __main__:81 -       0.11     96.76
2026-04-13 20:35:41 | INFO     | __main__:81 -       0.12     93.25
2026-04-13 20:35:41 | INFO     | __main__:81 -       0.13     90.25
2026-04-13 20:35:41 | INFO     | __main__:81 -       0.14     87.61
2026-04-13 20:35:41 | INFO     | __main__:81 -       0.15     85.21
2026-04-13 20:35:41 | INFO     | __main__:81 -       0.16     82.76
2026-04-13 20:35:41 | INFO     | __main__:81 -       0.17     80.83
2026-04-13 20:35:41 | INFO     | __main__:81 -       0.18     78.81
2026-04-13 20:35:41 | INFO     | __main__:81 -       0.19     77.13
2026-04-13 20:35:41 | INFO     | __main__:81 -       0.20     75.29
2026-04-13 20:35:41 | INFO     | __main__:81 -       0.21     73.84
2026-04-13 20:35:41 | INFO     | __main__:81 -       0.22     72.30
2026-04-13 20:35:41 | INFO     | __main__:81 -       0.23     71.04
2026-04-13 20:35:41 | INFO     | __main__:81 -       0.24     69.82
2026-04-13 20:35:41 | INFO     | __main__:81 -       0.25     68.45
2026-04-13 20:35:41 | INFO     | __main__:81 -       0.26     67.16
2026-04-13 20:35:41 | INFO     | __main__:81 -       0.27     66.08
2026-04-13 20:35:41 | INFO     | __main__:81 -       0.28     65.03
2026-04-13 20:35:41 | INFO     | __main__:81 -       0.29     63.93
2026-04-13 20:35:41 | INFO     | __main__:81 -       0.30     63.04
2026-04-13 20:35:41 | INFO     | __main__:81 -       0.31     62.29
2026-04-13 20:35:41 | INFO     | __main__:81 -       0.32     61.36
2026-04-13 20:35:41 | INFO     | __main__:81 -       0.33     60.42
2026-04-13 20:35:41 | INFO     | __main__:81 -       0.34     59.70
2026-04-13 20:35:41 | INFO     | __main__:81 -       0.35     58.99
2026-04-13 20:35:41 | INFO     | __main__:81 -       0.36     58.38
2026-04-13 20:35:41 | INFO     | __main__:81 -       0.37     57.96
2026-04-13 20:35:41 | INFO     | __main__:81 -       0.38     57.60
2026-04-13 20:35:41 | INFO     | __main__:81 -       0.39     57.15
2026-04-13 20:35:41 | INFO     | __main__:81 -       0.40     56.67
2026-04-13 20:35:41 | INFO     | __main__:81 -       0.41     56.10
2026-04-13 20:35:41 | INFO     | __main__:81 -       0.42     55.77
2026-04-13 20:35:41 | INFO     | __main__:81 -       0.43     55.40
2026-04-13 20:35:41 | INFO     | __main__:81 -       0.44     55.16
2026-04-13 20:35:41 | INFO     | __main__:81 -       0.45     54.73
2026-04-13 20:35:41 | INFO     | __main__:81 -       0.46     54.46
2026-04-13 20:35:41 | INFO     | __main__:81 -       0.47     54.27
2026-04-13 20:35:41 | INFO     | __main__:81 -       0.48     54.06
2026-04-13 20:35:41 | INFO     | __main__:81 -       0.49     54.13
2026-04-13 20:35:41 | INFO     | __main__:81 -       0.50     54.14
2026-04-13 20:35:41 | INFO     | __main__:81 -       0.51     54.05 <-- best
2026-04-13 20:35:41 | INFO     | __main__:81 -       0.52     54.36
2026-04-13 20:35:41 | INFO     | __main__:81 -       0.53     54.38
2026-04-13 20:35:41 | INFO     | __main__:81 -       0.54     54.69
2026-04-13 20:35:41 | INFO     | __main__:81 -       0.55     54.76
2026-04-13 20:35:41 | INFO     | __main__:81 -       0.56     54.89
2026-04-13 20:35:41 | INFO     | __main__:81 -       0.57     55.20
2026-04-13 20:35:41 | INFO     | __main__:81 -       0.58     55.43
2026-04-13 20:35:41 | INFO     | __main__:81 -       0.59     55.76
2026-04-13 20:35:41 | INFO     | __main__:81 -       0.60     56.30
2026-04-13 20:35:41 | INFO     | __main__:81 -       0.61     56.74
2026-04-13 20:35:41 | INFO     | __main__:81 -       0.62     57.13
2026-04-13 20:35:41 | INFO     | __main__:81 -       0.63     57.32
2026-04-13 20:35:41 | INFO     | __main__:81 -       0.64     57.80
2026-04-13 20:35:41 | INFO     | __main__:81 -       0.65     58.42
2026-04-13 20:35:41 | INFO     | __main__:81 -       0.66     59.10
2026-04-13 20:35:41 | INFO     | __main__:81 -       0.67     60.24
2026-04-13 20:35:41 | INFO     | __main__:81 -       0.68     61.43
2026-04-13 20:35:41 | INFO     | __main__:81 -       0.69     62.74
2026-04-13 20:35:41 | INFO     | __main__:81 -       0.70     64.01
2026-04-13 20:35:41 | INFO     | __main__:81 -       0.71     65.25
2026-04-13 20:35:41 | INFO     | __main__:81 -       0.72     66.66
2026-04-13 20:35:41 | INFO     | __main__:81 -       0.73     68.37
2026-04-13 20:35:41 | INFO     | __main__:81 -       0.74     69.98
2026-04-13 20:35:41 | INFO     | __main__:81 -       0.75     71.90
2026-04-13 20:35:41 | INFO     | __main__:81 -       0.76     73.69
2026-04-13 20:35:41 | INFO     | __main__:81 -       0.77     75.82
2026-04-13 20:35:41 | INFO     | __main__:81 -       0.78     78.10
2026-04-13 20:35:41 | INFO     | __main__:81 -       0.79     80.55
2026-04-13 20:35:41 | INFO     | __main__:81 -       0.80     83.12
2026-04-13 20:35:41 | INFO     | __main__:81 -       0.81     85.95
2026-04-13 20:35:41 | INFO     | __main__:81 -       0.82     88.95
2026-04-13 20:35:41 | INFO     | __main__:81 -       0.83     92.37
2026-04-13 20:35:41 | INFO     | __main__:81 -       0.84     95.87
2026-04-13 20:35:41 | INFO     | __main__:81 -       0.85     99.52
2026-04-13 20:35:41 | INFO     | __main__:81 -       0.86    103.96
2026-04-13 20:35:41 | INFO     | __main__:81 -       0.87    108.81
2026-04-13 20:35:41 | INFO     | __main__:81 -       0.88    114.02
2026-04-13 20:35:41 | INFO     | __main__:81 -       0.89    119.66
2026-04-13 20:35:41 | INFO     | __main__:81 -       0.90    126.50
2026-04-13 20:35:41 | INFO     | __main__:81 -       0.91    134.26
2026-04-13 20:35:41 | INFO     | __main__:81 -       0.92    143.47
2026-04-13 20:35:41 | INFO     | __main__:81 -       0.93    154.46
2026-04-13 20:35:41 | INFO     | __main__:81 -       0.94    167.57
2026-04-13 20:35:41 | INFO     | __main__:81 -       0.95    183.70
2026-04-13 20:35:41 | INFO     | __main__:83 - 
Best threshold: 0.51  (MAE = 54.05)
2026-04-13 20:35:41 | INFO     | __main__:84 - To use: python scripts/predict.py eval_counting.threshold=0.51 ...
